apiVersion: v1
kind: Namespace
metadata:
  annotations: {}
  labels:
    name: syn-sigstore-policy-controller
  name: syn-sigstore-policy-controller
