apiVersion: v1
kind: ServiceAccount
metadata:
  annotations:
    helm.sh/hook: post-delete
    helm.sh/hook-delete-policy: hook-succeeded
    helm.sh/hook-weight: '2'
  labels:
    app.kubernetes.io/instance: syn-sigstore-policy-controller
    app.kubernetes.io/managed-by: Helm
    app.kubernetes.io/name: policy-controller
    app.kubernetes.io/version: 0.8.2
    control-plane: syn-sigstore-policy-controller-cleanup
    helm.sh/chart: policy-controller-0.6.5
  name: syn-sigstore-policy-controller-webhook-cleanup
  namespace: syn-sigstore-policy-controller
---
apiVersion: rbac.authorization.k8s.io/v1
kind: Role
metadata:
  annotations:
    helm.sh/hook: post-delete
    helm.sh/hook-delete-policy: hook-succeeded
    helm.sh/hook-weight: '1'
  labels:
    app.kubernetes.io/instance: syn-sigstore-policy-controller
    app.kubernetes.io/managed-by: Helm
    app.kubernetes.io/name: policy-controller
    app.kubernetes.io/version: 0.8.2
    control-plane: syn-sigstore-policy-controller-cleanup
    helm.sh/chart: policy-controller-0.6.5
  name: syn-sigstore-policy-controller-cleanup
  namespace: syn-sigstore-policy-controller
rules:
  - apiGroups:
      - coordination.k8s.io
    resources:
      - leases
    verbs:
      - list
      - delete
---
apiVersion: rbac.authorization.k8s.io/v1
kind: RoleBinding
metadata:
  annotations:
    helm.sh/hook: post-delete
    helm.sh/hook-delete-policy: hook-succeeded
    helm.sh/hook-weight: '1'
  labels:
    app.kubernetes.io/instance: syn-sigstore-policy-controller
    app.kubernetes.io/managed-by: Helm
    app.kubernetes.io/name: policy-controller
    app.kubernetes.io/version: 0.8.2
    control-plane: syn-sigstore-policy-controller-cleanup
    helm.sh/chart: policy-controller-0.6.5
  name: syn-sigstore-policy-controller-cleanup
  namespace: syn-sigstore-policy-controller
roleRef:
  apiGroup: rbac.authorization.k8s.io
  kind: Role
  name: syn-sigstore-policy-controller-cleanup
subjects:
  - kind: ServiceAccount
    name: syn-sigstore-policy-controller-webhook-cleanup
    namespace: syn-sigstore-policy-controller
---
apiVersion: batch/v1
kind: Job
metadata:
  annotations:
    helm.sh/hook: post-delete
    helm.sh/hook-delete-policy: hook-succeeded
    helm.sh/hook-weight: '3'
  labels:
    app.kubernetes.io/instance: syn-sigstore-policy-controller
    app.kubernetes.io/managed-by: Helm
    app.kubernetes.io/name: policy-controller
    app.kubernetes.io/version: 0.8.2
    control-plane: syn-sigstore-policy-controller-webhook
    helm.sh/chart: policy-controller-0.6.5
  name: leases-cleanup
  namespace: syn-sigstore-policy-controller
spec:
  template:
    metadata:
      name: leases-cleanup
    spec:
      containers:
        - command:
            - /bin/sh
            - -c
            - kubectl delete leases --all --ignore-not-found -n syn-sigstore-policy-controller
          image: cgr.dev/chainguard/kubectl:latest-dev
          imagePullPolicy: IfNotPresent
          name: kubectl
      restartPolicy: OnFailure
      serviceAccountName: syn-sigstore-policy-controller-webhook-cleanup
