apiVersion: v1
kind: Service
metadata:
  annotations: null
  labels:
    app.kubernetes.io/instance: syn-sigstore-policy-controller
    app.kubernetes.io/managed-by: Helm
    app.kubernetes.io/name: policy-controller
    app.kubernetes.io/version: 0.8.2
    control-plane: syn-sigstore-policy-controller-webhook
    helm.sh/chart: policy-controller-0.7.0
  name: webhook
  namespace: syn-sigstore-policy-controller
spec:
  ports:
    - name: https
      port: 443
      protocol: TCP
      targetPort: https
  selector:
    app.kubernetes.io/instance: syn-sigstore-policy-controller
    app.kubernetes.io/name: policy-controller
    control-plane: syn-sigstore-policy-controller-webhook
  type: ClusterIP
---
apiVersion: v1
kind: Service
metadata:
  annotations: null
  labels:
    app.kubernetes.io/instance: syn-sigstore-policy-controller
    app.kubernetes.io/managed-by: Helm
    app.kubernetes.io/name: policy-controller
    app.kubernetes.io/version: 0.8.2
    control-plane: syn-sigstore-policy-controller-webhook
    helm.sh/chart: policy-controller-0.7.0
  name: syn-sigstore-policy-controller-webhook-metrics
  namespace: syn-sigstore-policy-controller
spec:
  ports:
    - name: metrics
      port: 9090
      protocol: TCP
      targetPort: metrics
  selector:
    app.kubernetes.io/instance: syn-sigstore-policy-controller
    app.kubernetes.io/name: policy-controller
    control-plane: syn-sigstore-policy-controller-webhook
  type: ClusterIP
