metadata:
  finalizers:
    - post-delete-finalizer.argocd.argoproj.io
    - post-delete-finalizer.argocd.argoproj.io/cleanup
spec:
  ignoreDifferences:
    - group: admissionregistration.k8s.io
      jqPathExpressions:
        - .webhooks[]?.namespaceSelector.matchExpressions
      kind: MutatingWebhookConfiguration
    - group: admissionregistration.k8s.io
      jqPathExpressions:
        - .webhooks[]?.namespaceSelector.matchExpressions
      kind: ValidatingWebhookConfiguration
