apiVersion: v1
kind: Secret
metadata:
  annotations: null
  labels:
    app.kubernetes.io/instance: syn-sigstore-policy-controller
    app.kubernetes.io/managed-by: Helm
    app.kubernetes.io/name: policy-controller
    app.kubernetes.io/version: 0.8.2
    control-plane: syn-sigstore-policy-controller-webhook
    helm.sh/chart: policy-controller-0.6.9
  name: webhook-certs
  namespace: syn-sigstore-policy-controller
