apiVersion: admissionregistration.k8s.io/v1
kind: ValidatingWebhookConfiguration
metadata:
  name: policy.sigstore.dev
webhooks:
  - admissionReviewVersions:
      - v1
    clientConfig:
      service:
        name: webhook
        namespace: syn-sigstore-policy-controller
    failurePolicy: Fail
    name: policy.sigstore.dev
    namespaceSelector:
      matchExpressions:
        - key: policy.sigstore.dev/include
          operator: In
          values:
            - 'true'
    sideEffects: None
