apiVersion: v1
kind: Namespace
metadata:
  annotations: {}
  labels:
    monitoring.syn.tools/infra: 'true'
    name: syn-sigstore-policy-controller
    openshift.io/cluster-monitoring: 'true'
  name: syn-sigstore-policy-controller
